INFO:     Started server process [55163]
INFO:     Waiting for application startup.
ERROR:    Traceback (most recent call last):
  File "/Users/danielfisher/repositories/behemoth/.venv/lib/python3.12/site-packages/starlette/routing.py", line 694, in lifespan
    async with self.lifespan_context(app) as maybe_state:
               ^^^^^^^^^^^^^^^^^^^^^^^^^^
  File "/Users/danielfisher/.pyenv/versions/3.12.7/lib/python3.12/contextlib.py", line 210, in __aenter__
    return await anext(self.gen)
           ^^^^^^^^^^^^^^^^^^^^^
  File "/Users/danielfisher/repositories/behemoth/.venv/lib/python3.12/site-packages/fastapi/routing.py", line 203, in merged_lifespan
    async with original_context(app) as maybe_original_state:
               ^^^^^^^^^^^^^^^^^^^^^
  File "/Users/danielfisher/.pyenv/versions/3.12.7/lib/python3.12/contextlib.py", line 210, in __aenter__
    return await anext(self.gen)
           ^^^^^^^^^^^^^^^^^^^^^
  File "/Users/danielfisher/repositories/behemoth/src/behemoth/api/server.py", line 423, in lifespan
    _run_historical_preflight(hist_dir)
  File "/Users/danielfisher/repositories/behemoth/src/behemoth/api/server.py", line 364, in _run_historical_preflight
    raise RuntimeError(
RuntimeError: Historical governance preflight failed: failed_checks=20 predictions_artifact_hash_match [EURUSD 2025-04]: expected=97057ba26472978d33ddb1e185c0e2e8792f8205038b8e04d47eda1a6b8c5b60 got=c12e93b45d45d17213ac17ff86f716e78635ab0f0bedcb8f0ffcd2383ae439bc | predictions_artifact_hash_match [USDJPY 2025-04]: expected=5916195eece95948e12048c1f4e6fc67522fed38e2962efd3ce9741e2ee5d5e7 got=16b6b3fa6a75ec3383c9335639a248e8140f049df7363c8de61fa98215df0cc5 | predictions_artifact_hash_match [EURUSD 2025-05]: expected=97057ba26472978d33ddb1e185c0e2e8792f8205038b8e04d47eda1a6b8c5b60 got=c12e93b45d45d17213ac17ff86f716e78635ab0f0bedcb8f0ffcd2383ae439bc | predictions_artifact_hash_match [USDJPY 2025-05]: expected=5916195eece95948e12048c1f4e6fc67522fed38e2962efd3ce9741e2ee5d5e7 got=16b6b3fa6a75ec3383c9335639a248e8140f049df7363c8de61fa98215df0cc5 | predictions_artifact_hash_match [EURUSD 2025-06]: expected=97057ba26472978d33ddb1e185c0e2e8792f8205038b8e04d47eda1a6b8c5b60 got=c12e93b45d45d17213ac17ff86f716e78635ab0f0bedcb8f0ffcd2383ae439bc | predictions_artifact_hash_match [USDJPY 2025-06]: expected=5916195eece95948e12048c1f4e6fc67522fed38e2962efd3ce9741e2ee5d5e7 got=16b6b3fa6a75ec3383c9335639a248e8140f049df7363c8de61fa98215df0cc5 | predictions_artifact_hash_match [USDJPY 2025-07]: expected=5916195eece95948e12048c1f4e6fc67522fed38e2962efd3ce9741e2ee5d5e7 got=16b6b3fa6a75ec3383c9335639a248e8140f049df7363c8de61fa98215df0cc5 | predictions_artifact_hash_match [EURUSD 2025-08]: expected=97057ba26472978d33ddb1e185c0e2e8792f8205038b8e04d47eda1a6b8c5b60 got=c12e93b45d45d17213ac17ff86f716e78635ab0f0bedcb8f0ffcd2383ae439bc | predictions_artifact_hash_match [USDJPY 2025-08]: expected=5916195eece95948e12048c1f4e6fc67522fed38e2962efd3ce9741e2ee5d5e7 got=16b6b3fa6a75ec3383c9335639a248e8140f049df7363c8de61fa98215df0cc5 | predictions_artifact_hash_match [EURUSD 2025-09]: expected=97057ba26472978d33ddb1e185c0e2e8792f8205038b8e04d47eda1a6b8c5b60 got=c12e93b45d45d17213ac17ff86f716e78635ab0f0bedcb8f0ffcd2383ae439bc | ... and 10 more failures

ERROR:    Application startup failed. Exiting.
